// Jest Snapshot v1, https://goo.gl/fbAQLP

exports[`SearchPageComponent matches snapshot 1`] = `
<Page
  description="SearchPage.schemaDescription"
  schema={
    Object {
      "@context": "http://schema.org",
      "@type": "SearchResultsPage",
      "description": "SearchPage.schemaDescription",
      "mainEntity": Array [
        "{\\"@type\\":\\"ItemList\\",\\"name\\":\\"SearchPage.schemaMapSearch\\",\\"itemListOrder\\":\\"http://schema.org/ItemListOrderAscending\\",\\"itemListElement\\":[]}",
      ],
      "name": "SearchPage.schemaTitle",
    }
  }
  scrollingDisabled={false}
  title="SearchPage.schemaTitle"
>
  <withRouter(Connect(TopbarContainerComponent))
    currentPage="SearchPage"
    currentSearchParams={Object {}}
  />
  <div>
    <MainPanel
      className={null}
      listings={Array []}
      onActivateListing={[Function]}
      onCloseModal={[Function]}
      onManageDisableScrolling={[Function]}
      onMapIconClick={[Function]}
      onOpenModal={[Function]}
      pagination={
        Object {
          "page": 1,
          "perPage": 12,
          "totalItems": 22,
          "totalPages": 2,
        }
      }
      primaryFilters={
        Object {
          "amenitiesFilter": Object {
            "options": Array [
              Object {
                "key": "dog1",
                "label": "Dog 1",
              },
              Object {
                "key": "dog2",
                "label": "Dog 2",
              },
            ],
            "paramName": "pub_amenities",
          },
          "groupSizeFilter": Object {
            "options": Array [
              Object {
                "key": "1-10",
                "label": "1-10",
              },
              Object {
                "key": "11-20",
                "label": "11-20",
              },
              Object {
                "key": "21-30",
                "label": "21-30",
              },
              Object {
                "key": "31-40",
                "label": "31-40",
              },
              Object {
                "key": "41-50",
                "label": "41-50",
              },
              Object {
                "key": "51-60",
                "label": "51-60",
              },
              Object {
                "key": "61-70",
                "label": "61-70",
              },
              Object {
                "key": "71-80",
                "label": "71-80",
              },
              Object {
                "key": "81-90",
                "label": "81-90",
              },
              Object {
                "key": "91-100",
                "label": "91-100",
              },
              Object {
                "key": "More than 100",
                "label": "More than 100",
              },
            ],
            "paramName": "pub_groupSize",
          },
          "listingTypeFilter": Object {
            "options": Array [
              Object {
                "key": "common",
                "label": "Common space",
              },
              Object {
                "key": "private",
                "label": "Private space",
              },
            ],
            "paramName": "pub_type",
          },
          "regularlyOpenOnFilter": Object {
            "options": Array [
              Object {
                "key": "mondays",
                "label": "Mondays",
              },
              Object {
                "key": "tuesdays",
                "label": "Tuesdays",
              },
              Object {
                "key": "wednesdays",
                "label": "Wednesdays",
              },
              Object {
                "key": "thursdays",
                "label": "Thursdays",
              },
              Object {
                "key": "fridays",
                "label": "Fridays",
              },
              Object {
                "key": "saturdays",
                "label": "Saturdays",
              },
              Object {
                "key": "sundays",
                "label": "Sundays",
              },
            ],
            "paramName": "pub_regularlyOpenOn",
          },
        }
      }
      resultsCount={0}
      rootClassName={null}
      searchInProgress={false}
      searchListingsError={null}
      searchParamsAreInSync={true}
      searchParamsForPagination={Object {}}
      secondaryFilters={null}
      showAsModalMaxWidth={768}
      urlQueryParams={Object {}}
    />
    <withViewport(ModalInMobileComponent)
      id="SearchPage.map"
      isModalOpenOnMobile={false}
      onClose={[Function]}
      onManageDisableScrolling={[Function]}
      showAsModalMaxWidth={768}
    >
      <div>
        <withRouter(SearchMapComponent)
          activeListingId={null}
          isSearchMapOpenOnMobile={false}
          listings={Array []}
          location={
            Object {
              "search": "",
            }
          }
          onCloseAsModal={[Function]}
          onMapMoveEnd={[Function]}
        />
      </div>
    </withViewport(ModalInMobileComponent)>
  </div>
</Page>
`;
