// Jest Snapshot v1, https://goo.gl/fbAQLP

exports[`BookingDatesForm matches snapshot without selected dates 1`] = `
<ReactFinalForm
  DatePlaceholder={null}
  bookingDates={Object {}}
  dispatch={[Function]}
  endDatePlaceholder="tomorrow"
  intl={
    Object {
      "formatDate": [Function],
      "formatHTMLMessage": [Function],
      "formatMessage": [Function],
      "formatNumber": [Function],
      "formatPlural": [Function],
      "formatRelative": [Function],
      "formatTime": [Function],
      "now": [Function],
    }
  }
  isOwnListing={false}
  onSubmit={[Function]}
  render={[Function]}
  startDatePlaceholder="today"
  submitButtonWrapperClassName={null}
  timeSlots={null}
  unitPrice={
    Money {
      "_sdkType": "Money",
      "amount": 1099,
      "currency": "USD",
    }
  }
  unitType="line-item/night"
/>
`;
