// Jest Snapshot v1, https://goo.gl/fbAQLP

exports[`SignupForm matches snapshot 1`] = `
<form
  action="/"
  className=""
  method="post"
  onSubmit={[Function]}
>
  <div>
    <div
      className=""
    >
      <label
        htmlFor="email"
      >
        SignupForm.emailLabel
      </label>
      <input
        autoComplete="email"
        className=""
        id="email"
        name="email"
        onBlur={[Function]}
        onChange={[Function]}
        onFocus={[Function]}
        placeholder="SignupForm.emailPlaceholder"
        type="email"
        value=""
      />
    </div>
    <div>
      <div
        className=""
      >
        <label
          htmlFor="fname"
        >
          SignupForm.firstNameLabel
        </label>
        <input
          autoComplete="given-name"
          className=""
          id="fname"
          name="fname"
          onBlur={[Function]}
          onChange={[Function]}
          onFocus={[Function]}
          placeholder="SignupForm.firstNamePlaceholder"
          type="text"
          value=""
        />
      </div>
      <div
        className=""
      >
        <label
          htmlFor="lname"
        >
          SignupForm.lastNameLabel
        </label>
        <input
          autoComplete="family-name"
          className=""
          id="lname"
          name="lname"
          onBlur={[Function]}
          onChange={[Function]}
          onFocus={[Function]}
          placeholder="SignupForm.lastNamePlaceholder"
          type="text"
          value=""
        />
      </div>
    </div>
    <div
      className=""
    >
      <label
        htmlFor="password"
      >
        SignupForm.passwordLabel
      </label>
      <input
        autoComplete="new-password"
        className=""
        id="password"
        name="password"
        onBlur={[Function]}
        onChange={[Function]}
        onFocus={[Function]}
        placeholder="SignupForm.passwordPlaceholder"
        type="password"
        value=""
      />
    </div>
  </div>
  <div>
    <p>
      <div
        className=""
      >
        <div>
          <div>
            <label
              htmlFor="birthday"
            >
              SignupForm.birthdayLabel
            </label>
            <select
              autoComplete="bday-day"
              className="undefined"
              disabled={false}
              id="birthday"
              onBlur={[Function]}
              onChange={[Function]}
              onFocus={[Function]}
              value=""
            >
              <option
                disabled={true}
                value=""
              >
                PayoutDetailsForm.birthdayDatePlaceholder
              </option>
              <option
                key="1"
                value={1}
              >
                01
              </option>
              <option
                key="2"
                value={2}
              >
                02
              </option>
              <option
                key="3"
                value={3}
              >
                03
              </option>
              <option
                key="4"
                value={4}
              >
                04
              </option>
              <option
                key="5"
                value={5}
              >
                05
              </option>
              <option
                key="6"
                value={6}
              >
                06
              </option>
              <option
                key="7"
                value={7}
              >
                07
              </option>
              <option
                key="8"
                value={8}
              >
                08
              </option>
              <option
                key="9"
                value={9}
              >
                09
              </option>
              <option
                key="10"
                value={10}
              >
                10
              </option>
              <option
                key="11"
                value={11}
              >
                11
              </option>
              <option
                key="12"
                value={12}
              >
                12
              </option>
              <option
                key="13"
                value={13}
              >
                13
              </option>
              <option
                key="14"
                value={14}
              >
                14
              </option>
              <option
                key="15"
                value={15}
              >
                15
              </option>
              <option
                key="16"
                value={16}
              >
                16
              </option>
              <option
                key="17"
                value={17}
              >
                17
              </option>
              <option
                key="18"
                value={18}
              >
                18
              </option>
              <option
                key="19"
                value={19}
              >
                19
              </option>
              <option
                key="20"
                value={20}
              >
                20
              </option>
              <option
                key="21"
                value={21}
              >
                21
              </option>
              <option
                key="22"
                value={22}
              >
                22
              </option>
              <option
                key="23"
                value={23}
              >
                23
              </option>
              <option
                key="24"
                value={24}
              >
                24
              </option>
              <option
                key="25"
                value={25}
              >
                25
              </option>
              <option
                key="26"
                value={26}
              >
                26
              </option>
              <option
                key="27"
                value={27}
              >
                27
              </option>
              <option
                key="28"
                value={28}
              >
                28
              </option>
              <option
                key="29"
                value={29}
              >
                29
              </option>
              <option
                key="30"
                value={30}
              >
                30
              </option>
              <option
                key="31"
                value={31}
              >
                31
              </option>
            </select>
          </div>
          <div>
            <select
              autoComplete="bday-month"
              className="undefined"
              disabled={false}
              id="birthday-month"
              onBlur={[Function]}
              onChange={[Function]}
              onFocus={[Function]}
              value=""
            >
              <option
                disabled={true}
                value=""
              >
                PayoutDetailsForm.birthdayMonthPlaceholder
              </option>
              <option
                key="1"
                value={1}
              >
                01
              </option>
              <option
                key="2"
                value={2}
              >
                02
              </option>
              <option
                key="3"
                value={3}
              >
                03
              </option>
              <option
                key="4"
                value={4}
              >
                04
              </option>
              <option
                key="5"
                value={5}
              >
                05
              </option>
              <option
                key="6"
                value={6}
              >
                06
              </option>
              <option
                key="7"
                value={7}
              >
                07
              </option>
              <option
                key="8"
                value={8}
              >
                08
              </option>
              <option
                key="9"
                value={9}
              >
                09
              </option>
              <option
                key="10"
                value={10}
              >
                10
              </option>
              <option
                key="11"
                value={11}
              >
                11
              </option>
              <option
                key="12"
                value={12}
              >
                12
              </option>
            </select>
          </div>
          <div>
            <select
              autoComplete="bday-year"
              className="undefined"
              disabled={false}
              id="birthday-year"
              onBlur={[Function]}
              onChange={[Function]}
              onFocus={[Function]}
              value=""
            >
              <option
                disabled={true}
                value=""
              >
                PayoutDetailsForm.birthdayYearPlaceholder
              </option>
              <option
                key="2019"
                value={2019}
              >
                2019
              </option>
              <option
                key="2018"
                value={2018}
              >
                2018
              </option>
              <option
                key="2017"
                value={2017}
              >
                2017
              </option>
              <option
                key="2016"
                value={2016}
              >
                2016
              </option>
              <option
                key="2015"
                value={2015}
              >
                2015
              </option>
              <option
                key="2014"
                value={2014}
              >
                2014
              </option>
              <option
                key="2013"
                value={2013}
              >
                2013
              </option>
              <option
                key="2012"
                value={2012}
              >
                2012
              </option>
              <option
                key="2011"
                value={2011}
              >
                2011
              </option>
              <option
                key="2010"
                value={2010}
              >
                2010
              </option>
              <option
                key="2009"
                value={2009}
              >
                2009
              </option>
              <option
                key="2008"
                value={2008}
              >
                2008
              </option>
              <option
                key="2007"
                value={2007}
              >
                2007
              </option>
              <option
                key="2006"
                value={2006}
              >
                2006
              </option>
              <option
                key="2005"
                value={2005}
              >
                2005
              </option>
              <option
                key="2004"
                value={2004}
              >
                2004
              </option>
              <option
                key="2003"
                value={2003}
              >
                2003
              </option>
              <option
                key="2002"
                value={2002}
              >
                2002
              </option>
              <option
                key="2001"
                value={2001}
              >
                2001
              </option>
              <option
                key="2000"
                value={2000}
              >
                2000
              </option>
              <option
                key="1999"
                value={1999}
              >
                1999
              </option>
              <option
                key="1998"
                value={1998}
              >
                1998
              </option>
              <option
                key="1997"
                value={1997}
              >
                1997
              </option>
              <option
                key="1996"
                value={1996}
              >
                1996
              </option>
              <option
                key="1995"
                value={1995}
              >
                1995
              </option>
              <option
                key="1994"
                value={1994}
              >
                1994
              </option>
              <option
                key="1993"
                value={1993}
              >
                1993
              </option>
              <option
                key="1992"
                value={1992}
              >
                1992
              </option>
              <option
                key="1991"
                value={1991}
              >
                1991
              </option>
              <option
                key="1990"
                value={1990}
              >
                1990
              </option>
              <option
                key="1989"
                value={1989}
              >
                1989
              </option>
              <option
                key="1988"
                value={1988}
              >
                1988
              </option>
              <option
                key="1987"
                value={1987}
              >
                1987
              </option>
              <option
                key="1986"
                value={1986}
              >
                1986
              </option>
              <option
                key="1985"
                value={1985}
              >
                1985
              </option>
              <option
                key="1984"
                value={1984}
              >
                1984
              </option>
              <option
                key="1983"
                value={1983}
              >
                1983
              </option>
              <option
                key="1982"
                value={1982}
              >
                1982
              </option>
              <option
                key="1981"
                value={1981}
              >
                1981
              </option>
              <option
                key="1980"
                value={1980}
              >
                1980
              </option>
              <option
                key="1979"
                value={1979}
              >
                1979
              </option>
              <option
                key="1978"
                value={1978}
              >
                1978
              </option>
              <option
                key="1977"
                value={1977}
              >
                1977
              </option>
              <option
                key="1976"
                value={1976}
              >
                1976
              </option>
              <option
                key="1975"
                value={1975}
              >
                1975
              </option>
              <option
                key="1974"
                value={1974}
              >
                1974
              </option>
              <option
                key="1973"
                value={1973}
              >
                1973
              </option>
              <option
                key="1972"
                value={1972}
              >
                1972
              </option>
              <option
                key="1971"
                value={1971}
              >
                1971
              </option>
              <option
                key="1970"
                value={1970}
              >
                1970
              </option>
              <option
                key="1969"
                value={1969}
              >
                1969
              </option>
              <option
                key="1968"
                value={1968}
              >
                1968
              </option>
              <option
                key="1967"
                value={1967}
              >
                1967
              </option>
              <option
                key="1966"
                value={1966}
              >
                1966
              </option>
              <option
                key="1965"
                value={1965}
              >
                1965
              </option>
              <option
                key="1964"
                value={1964}
              >
                1964
              </option>
              <option
                key="1963"
                value={1963}
              >
                1963
              </option>
              <option
                key="1962"
                value={1962}
              >
                1962
              </option>
              <option
                key="1961"
                value={1961}
              >
                1961
              </option>
              <option
                key="1960"
                value={1960}
              >
                1960
              </option>
              <option
                key="1959"
                value={1959}
              >
                1959
              </option>
              <option
                key="1958"
                value={1958}
              >
                1958
              </option>
              <option
                key="1957"
                value={1957}
              >
                1957
              </option>
              <option
                key="1956"
                value={1956}
              >
                1956
              </option>
              <option
                key="1955"
                value={1955}
              >
                1955
              </option>
              <option
                key="1954"
                value={1954}
              >
                1954
              </option>
              <option
                key="1953"
                value={1953}
              >
                1953
              </option>
              <option
                key="1952"
                value={1952}
              >
                1952
              </option>
              <option
                key="1951"
                value={1951}
              >
                1951
              </option>
              <option
                key="1950"
                value={1950}
              >
                1950
              </option>
              <option
                key="1949"
                value={1949}
              >
                1949
              </option>
              <option
                key="1948"
                value={1948}
              >
                1948
              </option>
              <option
                key="1947"
                value={1947}
              >
                1947
              </option>
              <option
                key="1946"
                value={1946}
              >
                1946
              </option>
              <option
                key="1945"
                value={1945}
              >
                1945
              </option>
              <option
                key="1944"
                value={1944}
              >
                1944
              </option>
              <option
                key="1943"
                value={1943}
              >
                1943
              </option>
              <option
                key="1942"
                value={1942}
              >
                1942
              </option>
              <option
                key="1941"
                value={1941}
              >
                1941
              </option>
              <option
                key="1940"
                value={1940}
              >
                1940
              </option>
            </select>
          </div>
        </div>
      </div>
    </p>
  </div>
  <div>
    <p>
      <span>
        <span>
          SignupForm.termsAndConditionsAcceptText
        </span>
      </span>
    </p>
    <button
      className=""
      disabled={true}
      type="submit"
    >
      <span>
        SignupForm.signUp
      </span>
    </button>
  </div>
</form>
`;
